host        : gpu002
epochs/run  : 50
threads/run : 6
run root    : /home/alingo/MLography/Segmentation/unet/boundary_sweep_par_20260905_220721
started     : Sat Sep  5 22:07:21 IDT 2026

launched [1/10] boundary_weight=0.0  pid=4138750  -> boundary_sweep_par_20260905_220721/logs/run_01_bw0.0.log
launched [2/10] boundary_weight=0.1  pid=4138768  -> boundary_sweep_par_20260905_220721/logs/run_02_bw0.1.log
launched [3/10] boundary_weight=0.25  pid=4138881  -> boundary_sweep_par_20260905_220721/logs/run_03_bw0.25.log
launched [4/10] boundary_weight=0.5  pid=4139287  -> boundary_sweep_par_20260905_220721/logs/run_04_bw0.5.log
launched [5/10] boundary_weight=0.75  pid=4139606  -> boundary_sweep_par_20260905_220721/logs/run_05_bw0.75.log
launched [6/10] boundary_weight=1.0  pid=4139775  -> boundary_sweep_par_20260905_220721/logs/run_06_bw1.0.log
launched [7/10] boundary_weight=1.5  pid=4140014  -> boundary_sweep_par_20260905_220721/logs/run_07_bw1.5.log
launched [8/10] boundary_weight=2.0  pid=4140253  -> boundary_sweep_par_20260905_220721/logs/run_08_bw2.0.log
launched [9/10] boundary_weight=3.0  pid=4140492  -> boundary_sweep_par_20260905_220721/logs/run_09_bw3.0.log
launched [10/10] boundary_weight=5.0  pid=4140731  -> boundary_sweep_par_20260905_220721/logs/run_10_bw5.0.log

all 10 launched, waiting... Sat Sep  5 22:08:11 IDT 2026
run 01 bw=0.0 exit=0  Sun Sep  6 02:58:55 IDT 2026
run 02 bw=0.1 exit=0  Sun Sep  6 03:00:57 IDT 2026
run 03 bw=0.25 exit=0  Sun Sep  6 03:00:57 IDT 2026
run 04 bw=0.5 exit=0  Sun Sep  6 03:00:57 IDT 2026
run 05 bw=0.75 exit=0  Sun Sep  6 03:00:57 IDT 2026
run 06 bw=1.0 exit=0  Sun Sep  6 03:00:57 IDT 2026
run 07 bw=1.5 exit=0  Sun Sep  6 03:00:57 IDT 2026
run 08 bw=2.0 exit=0  Sun Sep  6 03:02:24 IDT 2026
run 09 bw=3.0 exit=0  Sun Sep  6 03:02:24 IDT 2026
run 10 bw=5.0 exit=0  Sun Sep  6 03:02:24 IDT 2026

ALL DONE Sun Sep  6 03:02:24 IDT 2026
