Using TensorFlow backend.
/home/alingo/.conda/envs/mlography/lib/python3.7/site-packages/tensorflow/python/framework/dtypes.py:516: FutureWarning: Passing (type, 1) or '1type' as a synonym of type is deprecated; in a future version of numpy, it will be understood as (type, (1,)) / '(1,)type'.
  _np_qint8 = np.dtype([("qint8", np.int8, 1)])
/home/alingo/.conda/envs/mlography/lib/python3.7/site-packages/tensorflow/python/framework/dtypes.py:517: FutureWarning: Passing (type, 1) or '1type' as a synonym of type is deprecated; in a future version of numpy, it will be understood as (type, (1,)) / '(1,)type'.
  _np_quint8 = np.dtype([("quint8", np.uint8, 1)])
/home/alingo/.conda/envs/mlography/lib/python3.7/site-packages/tensorflow/python/framework/dtypes.py:518: FutureWarning: Passing (type, 1) or '1type' as a synonym of type is deprecated; in a future version of numpy, it will be understood as (type, (1,)) / '(1,)type'.
  _np_qint16 = np.dtype([("qint16", np.int16, 1)])
/home/alingo/.conda/envs/mlography/lib/python3.7/site-packages/tensorflow/python/framework/dtypes.py:519: FutureWarning: Passing (type, 1) or '1type' as a synonym of type is deprecated; in a future version of numpy, it will be understood as (type, (1,)) / '(1,)type'.
  _np_quint16 = np.dtype([("quint16", np.uint16, 1)])
/home/alingo/.conda/envs/mlography/lib/python3.7/site-packages/tensorflow/python/framework/dtypes.py:520: FutureWarning: Passing (type, 1) or '1type' as a synonym of type is deprecated; in a future version of numpy, it will be understood as (type, (1,)) / '(1,)type'.
  _np_qint32 = np.dtype([("qint32", np.int32, 1)])
/home/alingo/.conda/envs/mlography/lib/python3.7/site-packages/tensorflow/python/framework/dtypes.py:525: FutureWarning: Passing (type, 1) or '1type' as a synonym of type is deprecated; in a future version of numpy, it will be understood as (type, (1,)) / '(1,)type'.
  np_resource = np.dtype([("resource", np.ubyte, 1)])
/home/alingo/.conda/envs/mlography/lib/python3.7/site-packages/tensorboard/compat/tensorflow_stub/dtypes.py:541: FutureWarning: Passing (type, 1) or '1type' as a synonym of type is deprecated; in a future version of numpy, it will be understood as (type, (1,)) / '(1,)type'.
  _np_qint8 = np.dtype([("qint8", np.int8, 1)])
/home/alingo/.conda/envs/mlography/lib/python3.7/site-packages/tensorboard/compat/tensorflow_stub/dtypes.py:542: FutureWarning: Passing (type, 1) or '1type' as a synonym of type is deprecated; in a future version of numpy, it will be understood as (type, (1,)) / '(1,)type'.
  _np_quint8 = np.dtype([("quint8", np.uint8, 1)])
/home/alingo/.conda/envs/mlography/lib/python3.7/site-packages/tensorboard/compat/tensorflow_stub/dtypes.py:543: FutureWarning: Passing (type, 1) or '1type' as a synonym of type is deprecated; in a future version of numpy, it will be understood as (type, (1,)) / '(1,)type'.
  _np_qint16 = np.dtype([("qint16", np.int16, 1)])
/home/alingo/.conda/envs/mlography/lib/python3.7/site-packages/tensorboard/compat/tensorflow_stub/dtypes.py:544: FutureWarning: Passing (type, 1) or '1type' as a synonym of type is deprecated; in a future version of numpy, it will be understood as (type, (1,)) / '(1,)type'.
  _np_quint16 = np.dtype([("quint16", np.uint16, 1)])
/home/alingo/.conda/envs/mlography/lib/python3.7/site-packages/tensorboard/compat/tensorflow_stub/dtypes.py:545: FutureWarning: Passing (type, 1) or '1type' as a synonym of type is deprecated; in a future version of numpy, it will be understood as (type, (1,)) / '(1,)type'.
  _np_qint32 = np.dtype([("qint32", np.int32, 1)])
/home/alingo/.conda/envs/mlography/lib/python3.7/site-packages/tensorboard/compat/tensorflow_stub/dtypes.py:550: FutureWarning: Passing (type, 1) or '1type' as a synonym of type is deprecated; in a future version of numpy, it will be understood as (type, (1,)) / '(1,)type'.
  np_resource = np.dtype([("resource", np.ubyte, 1)])
WARNING:tensorflow:From /home/alingo/.conda/envs/mlography/lib/python3.7/site-packages/keras/backend/tensorflow_backend.py:74: The name tf.get_default_graph is deprecated. Please use tf.compat.v1.get_default_graph instead.

W0905 22:02:32.938458 139838747866944 deprecation_wrapper.py:119] From /home/alingo/.conda/envs/mlography/lib/python3.7/site-packages/keras/backend/tensorflow_backend.py:74: The name tf.get_default_graph is deprecated. Please use tf.compat.v1.get_default_graph instead.

WARNING:tensorflow:From /home/alingo/.conda/envs/mlography/lib/python3.7/site-packages/keras/backend/tensorflow_backend.py:517: The name tf.placeholder is deprecated. Please use tf.compat.v1.placeholder instead.

W0905 22:02:32.938638 139838747866944 deprecation_wrapper.py:119] From /home/alingo/.conda/envs/mlography/lib/python3.7/site-packages/keras/backend/tensorflow_backend.py:517: The name tf.placeholder is deprecated. Please use tf.compat.v1.placeholder instead.

WARNING:tensorflow:From /home/alingo/.conda/envs/mlography/lib/python3.7/site-packages/keras/backend/tensorflow_backend.py:4138: The name tf.random_uniform is deprecated. Please use tf.random.uniform instead.

W0905 22:02:32.939709 139838747866944 deprecation_wrapper.py:119] From /home/alingo/.conda/envs/mlography/lib/python3.7/site-packages/keras/backend/tensorflow_backend.py:4138: The name tf.random_uniform is deprecated. Please use tf.random.uniform instead.

WARNING:tensorflow:From /home/alingo/.conda/envs/mlography/lib/python3.7/site-packages/keras/backend/tensorflow_backend.py:3976: The name tf.nn.max_pool is deprecated. Please use tf.nn.max_pool2d instead.

W0905 22:02:32.958493 139838747866944 deprecation_wrapper.py:119] From /home/alingo/.conda/envs/mlography/lib/python3.7/site-packages/keras/backend/tensorflow_backend.py:3976: The name tf.nn.max_pool is deprecated. Please use tf.nn.max_pool2d instead.

WARNING:tensorflow:From /home/alingo/.conda/envs/mlography/lib/python3.7/site-packages/keras/backend/tensorflow_backend.py:174: The name tf.get_default_session is deprecated. Please use tf.compat.v1.get_default_session instead.

W0905 22:02:34.790923 139838747866944 deprecation_wrapper.py:119] From /home/alingo/.conda/envs/mlography/lib/python3.7/site-packages/keras/backend/tensorflow_backend.py:174: The name tf.get_default_session is deprecated. Please use tf.compat.v1.get_default_session instead.

WARNING:tensorflow:From /home/alingo/.conda/envs/mlography/lib/python3.7/site-packages/keras/backend/tensorflow_backend.py:181: The name tf.ConfigProto is deprecated. Please use tf.compat.v1.ConfigProto instead.

W0905 22:02:34.791118 139838747866944 deprecation_wrapper.py:119] From /home/alingo/.conda/envs/mlography/lib/python3.7/site-packages/keras/backend/tensorflow_backend.py:181: The name tf.ConfigProto is deprecated. Please use tf.compat.v1.ConfigProto instead.

2026-09-05 22:02:34.791286: I tensorflow/core/platform/cpu_feature_guard.cc:142] Your CPU supports instructions that this TensorFlow binary was not compiled to use: AVX2 AVX512F FMA
2026-09-05 22:02:34.813864: I tensorflow/core/platform/profile_utils/cpu_utils.cc:94] CPU Frequency: 2000000000 Hz
2026-09-05 22:02:34.818195: I tensorflow/compiler/xla/service/service.cc:168] XLA service 0x5635743e90e0 executing computations on platform Host. Devices:
2026-09-05 22:02:34.818214: I tensorflow/compiler/xla/service/service.cc:175]   StreamExecutor device (0): <undefined>, <undefined>
2026-09-05 22:02:34.820365: I tensorflow/stream_executor/platform/default/dso_loader.cc:42] Successfully opened dynamic library libcuda.so.1
2026-09-05 22:02:36.821077: I tensorflow/compiler/xla/service/service.cc:168] XLA service 0x5635744687b0 executing computations on platform CUDA. Devices:
2026-09-05 22:02:36.821097: I tensorflow/compiler/xla/service/service.cc:175]   StreamExecutor device (0): NVIDIA A100-PCIE-40GB, Compute Capability 8.0
2026-09-05 22:02:36.822182: I tensorflow/core/common_runtime/gpu/gpu_device.cc:1640] Found device 0 with properties: 
name: NVIDIA A100-PCIE-40GB major: 8 minor: 0 memoryClockRate(GHz): 1.41
pciBusID: 0000:4b:00.0
2026-09-05 22:02:36.822294: I tensorflow/stream_executor/platform/default/dso_loader.cc:53] Could not dlopen library 'libcudart.so.10.0'; dlerror: libcudart.so.10.0: cannot open shared object file: No such file or directory; LD_LIBRARY_PATH: /usr/lib:/usr/lib64
2026-09-05 22:02:36.822351: I tensorflow/stream_executor/platform/default/dso_loader.cc:53] Could not dlopen library 'libcublas.so.10.0'; dlerror: libcublas.so.10.0: cannot open shared object file: No such file or directory; LD_LIBRARY_PATH: /usr/lib:/usr/lib64
2026-09-05 22:02:36.822397: I tensorflow/stream_executor/platform/default/dso_loader.cc:53] Could not dlopen library 'libcufft.so.10.0'; dlerror: libcufft.so.10.0: cannot open shared object file: No such file or directory; LD_LIBRARY_PATH: /usr/lib:/usr/lib64
2026-09-05 22:02:36.822443: I tensorflow/stream_executor/platform/default/dso_loader.cc:53] Could not dlopen library 'libcurand.so.10.0'; dlerror: libcurand.so.10.0: cannot open shared object file: No such file or directory; LD_LIBRARY_PATH: /usr/lib:/usr/lib64
2026-09-05 22:02:36.822487: I tensorflow/stream_executor/platform/default/dso_loader.cc:53] Could not dlopen library 'libcusolver.so.10.0'; dlerror: libcusolver.so.10.0: cannot open shared object file: No such file or directory; LD_LIBRARY_PATH: /usr/lib:/usr/lib64
2026-09-05 22:02:36.822530: I tensorflow/stream_executor/platform/default/dso_loader.cc:53] Could not dlopen library 'libcusparse.so.10.0'; dlerror: libcusparse.so.10.0: cannot open shared object file: No such file or directory; LD_LIBRARY_PATH: /usr/lib:/usr/lib64
2026-09-05 22:02:36.822576: I tensorflow/stream_executor/platform/default/dso_loader.cc:53] Could not dlopen library 'libcudnn.so.7'; dlerror: libcudnn.so.7: cannot open shared object file: No such file or directory; LD_LIBRARY_PATH: /usr/lib:/usr/lib64
2026-09-05 22:02:36.822581: W tensorflow/core/common_runtime/gpu/gpu_device.cc:1663] Cannot dlopen some GPU libraries. Skipping registering GPU devices...
2026-09-05 22:02:36.822592: I tensorflow/core/common_runtime/gpu/gpu_device.cc:1181] Device interconnect StreamExecutor with strength 1 edge matrix:
2026-09-05 22:02:36.822597: I tensorflow/core/common_runtime/gpu/gpu_device.cc:1187]      0 
2026-09-05 22:02:36.822601: I tensorflow/core/common_runtime/gpu/gpu_device.cc:1200] 0:   N 
2026-09-05 22:02:36.918596: W tensorflow/compiler/jit/mark_for_compilation_pass.cc:1412] (One-time warning): Not using XLA:CPU for cluster because envvar TF_XLA_FLAGS=--tf_xla_cpu_global_jit was not set.  If you want XLA:CPU, either set that envvar, or use experimental_jit_scope to enable XLA:CPU.  To confirm that XLA is active, pass --vmodule=xla_compilation_cache=1 (as a proper command-line flag, not via TF_XLA_FLAGS) or set the envvar XLA_FLAGS=--xla_hlo_profile.
WARNING:tensorflow:From /home/alingo/.conda/envs/mlography/lib/python3.7/site-packages/keras/backend/tensorflow_backend.py:3445: calling dropout (from tensorflow.python.ops.nn_ops) with keep_prob is deprecated and will be removed in a future version.
Instructions for updating:
Please use `rate` instead of `keep_prob`. Rate should be set to `rate = 1 - keep_prob`.
W0905 22:02:37.032555 139838747866944 deprecation.py:506] From /home/alingo/.conda/envs/mlography/lib/python3.7/site-packages/keras/backend/tensorflow_backend.py:3445: calling dropout (from tensorflow.python.ops.nn_ops) with keep_prob is deprecated and will be removed in a future version.
Instructions for updating:
Please use `rate` instead of `keep_prob`. Rate should be set to `rate = 1 - keep_prob`.
WARNING:tensorflow:From /home/alingo/.conda/envs/mlography/lib/python3.7/site-packages/keras/backend/tensorflow_backend.py:2018: The name tf.image.resize_nearest_neighbor is deprecated. Please use tf.compat.v1.image.resize_nearest_neighbor instead.

W0905 22:02:37.044823 139838747866944 deprecation_wrapper.py:119] From /home/alingo/.conda/envs/mlography/lib/python3.7/site-packages/keras/backend/tensorflow_backend.py:2018: The name tf.image.resize_nearest_neighbor is deprecated. Please use tf.compat.v1.image.resize_nearest_neighbor instead.

/home/alingo/MLography/Segmentation/unet/model.py:270: UserWarning: Update your `Model` call to the Keras 2 API: `Model(inputs=Tensor("im..., outputs=Tensor("co...)`
  model = Model(input=input, output=conv10)
WARNING:tensorflow:From /home/alingo/.conda/envs/mlography/lib/python3.7/site-packages/keras/optimizers.py:790: The name tf.train.Optimizer is deprecated. Please use tf.compat.v1.train.Optimizer instead.

W0905 22:02:37.186699 139838747866944 deprecation_wrapper.py:119] From /home/alingo/.conda/envs/mlography/lib/python3.7/site-packages/keras/optimizers.py:790: The name tf.train.Optimizer is deprecated. Please use tf.compat.v1.train.Optimizer instead.

WARNING:tensorflow:From /home/alingo/.conda/envs/mlography/lib/python3.7/site-packages/tensorflow/python/ops/math_grad.py:1205: add_dispatch_support.<locals>.wrapper (from tensorflow.python.ops.array_ops) is deprecated and will be removed in a future version.
Instructions for updating:
Use tf.where in 2.0, which has the same broadcast rule as np.where
W0905 22:02:37.262937 139838747866944 deprecation.py:323] From /home/alingo/.conda/envs/mlography/lib/python3.7/site-packages/tensorflow/python/ops/math_grad.py:1205: add_dispatch_support.<locals>.wrapper (from tensorflow.python.ops.array_ops) is deprecated and will be removed in a future version.
Instructions for updating:
Use tf.where in 2.0, which has the same broadcast rule as np.where
Epoch 1/50
Found 320 images belonging to 1 classes.
Found 320 images belonging to 1 classes.

  1/300 [..............................] - ETA: 11:23 - loss: 0.1378 - acc: 0.6143
  2/300 [..............................] - ETA: 6:40 - loss: 0.1376 - acc: 0.5975 
  3/300 [..............................] - ETA: 5:05 - loss: 0.1373 - acc: 0.6102
  4/300 [..............................] - ETA: 4:17 - loss: 0.1367 - acc: 0.6092
  5/300 [..............................] - ETA: 3:49 - loss: 0.1371 - acc: 0.6154
  6/300 [..............................] - ETA: 3:30 - loss: 0.1363 - acc: 0.6075
  7/300 [..............................] - ETA: 3:16 - loss: 0.1367 - acc: 0.6190
  8/300 [..............................] - ETA: 3:05 - loss: 0.1375 - acc: 0.6335
  9/300 [..............................] - ETA: 2:57 - loss: 0.1370 - acc: 0.6302
 10/300 [>.............................] - ETA: 2:50 - loss: 0.1366 - acc: 0.6266
 11/300 [>.............................] - ETA: 2:44 - loss: 0.1375 - acc: 0.6419
 12/300 [>.............................] - ETA: 2:39 - loss: 0.1370 - acc: 0.6479
 13/300 [>.............................] - ETA: 2:35 - loss: 0.1366 - acc: 0.6488
 14/300 [>.............................] - ETA: 2:31 - loss: 0.1361 - acc: 0.6429
 15/300 [>.............................] - ETA: 2:28 - loss: 0.1360 - acc: 0.6447
 16/300 [>.............................] - ETA: 2:25 - loss: 0.1357 - acc: 0.6423
 17/300 [>.............................] - ETA: 2:23 - loss: 0.1356 - acc: 0.6446
 18/300 [>.............................] - ETA: 2:20 - loss: 0.1350 - acc: 0.6395
 19/300 [>.............................] - ETA: 2:18 - loss: 0.1346 - acc: 0.6393
 20/300 [=>............................] - ETA: 2:16 - loss: 0.1346 - acc: 0.6432
 21/300 [=>............................] - ETA: 2:14 - loss: 0.1343 - acc: 0.6441
 22/300 [=>............................] - ETA: 2:13 - loss: 0.1338 - acc: 0.6401
 23/300 [=>............................] - ETA: 2:11 - loss: 0.1336 - acc: 0.6387
 24/300 [=>............................] - ETA: 2:10 - loss: 0.1334 - acc: 0.6368
 25/300 [=>............................] - ETA: 2:08 - loss: 0.1329 - acc: 0.6347
 26/300 [=>............................] - ETA: 2:07 - loss: 0.1326 - acc: 0.6315
 27/300 [=>............................] - ETA: 2:06 - loss: 0.1322 - acc: 0.6298
 28/300 [=>............................] - ETA: 2:05 - loss: 0.1322 - acc: 0.6306
 29/300 [=>............................] - ETA: 2:04 - loss: 0.1319 - acc: 0.6288
 30/300 [==>...........................] - ETA: 2:02 - loss: 0.1316 - acc: 0.6281
 31/300 [==>...........................] - ETA: 2:01 - loss: 0.1317 - acc: 0.6289
 32/300 [==>...........................] - ETA: 2:00 - loss: 0.1316 - acc: 0.6298
 33/300 [==>...........................] - ETA: 2:00 - loss: 0.1316 - acc: 0.6325
 34/300 [==>...........................] - ETA: 1:59 - loss: 0.1314 - acc: 0.6329
 35/300 [==>...........................] - ETA: 1:58 - loss: 0.1313 - acc: 0.6338
 36/300 [==>...........................] - ETA: 1:57 - loss: 0.1309 - acc: 0.6300
 37/300 [==>...........................] - ETA: 1:56 - loss: 0.1307 - acc: 0.6279
 38/300 [==>...........................] - ETA: 1:55 - loss: 0.1306 - acc: 0.6284
 39/300 [==>...........................] - ETA: 1:55 - loss: 0.1304 - acc: 0.6273
 40/300 [===>..........................] - ETA: 1:54 - loss: 0.1302 - acc: 0.6265
 41/300 [===>..........................] - ETA: 1:53 - loss: 0.1299 - acc: 0.6246
 42/300 [===>..........................] - ETA: 1:52 - loss: 0.1297 - acc: 0.6231
 43/300 [===>..........................] - ETA: 1:52 - loss: 0.1297 - acc: 0.6242
 44/300 [===>..........................] - ETA: 1:51 - loss: 0.1297 - acc: 0.6261
 45/300 [===>..........................] - ETA: 1:50 - loss: 0.1297 - acc: 0.6276
 46/300 [===>..........................] - ETA: 1:50 - loss: 0.1297 - acc: 0.6296
 47/300 [===>..........................] - ETA: 1:49 - loss: 0.1295 - acc: 0.6286
 48/300 [===>..........................] - ETA: 1:48 - loss: 0.1294 - acc: 0.6300
 49/300 [===>..........................] - ETA: 1:48 - loss: 0.1293 - acc: 0.6298
 50/300 [====>.........................] - ETA: 1:47 - loss: 0.1293 - acc: 0.6313
 51/300 [====>.........................] - ETA: 1:46 - loss: 0.1293 - acc: 0.6326
 52/300 [====>.........................] - ETA: 1:46 - loss: 0.1292 - acc: 0.6329
 53/300 [====>.........................] - ETA: 1:45 - loss: 0.1292 - acc: 0.6342
 54/300 [====>.........................] - ETA: 1:44 - loss: 0.1292 - acc: 0.6357
 55/300 [====>.........................] - ETA: 1:44 - loss: 0.1292 - acc: 0.6377
 56/300 [====>.........................] - ETA: 1:43 - loss: 0.1291 - acc: 0.6375
 57/300 [====>.........................] - ETA: 1:43 - loss: 0.1290 - acc: 0.6382
 58/300 [====>.........................] - ETA: 1:42 - loss: 0.1290 - acc: 0.6393
 59/300 [====>.........................] - ETA: 1:41 - loss: 0.1289 - acc: 0.6398
 60/300 [=====>........................] - ETA: 1:41 - loss: 0.1289 - acc: 0.6404
 61/300 [=====>........................] - ETA: 1:40 - loss: 0.1289 - acc: 0.6415
 62/300 [=====>........................] - ETA: 1:40 - loss: 0.1289 - acc: 0.6420
 63/300 [=====>........................] - ETA: 1:39 - loss: 0.1288 - acc: 0.6418
 64/300 [=====>........................] - ETA: 1:39 - loss: 0.1287 - acc: 0.6410
 65/300 [=====>........................] - ETA: 1:38 - loss: 0.1286 - acc: 0.6418
 66/300 [=====>........................] - ETA: 1:38 - loss: 0.1286 - acc: 0.6434
 67/300 [=====>........................] - ETA: 1:37 - loss: 0.1286 - acc: 0.6440
 68/300 [=====>........................] - ETA: 1:37 - loss: 0.1285 - acc: 0.6434
 69/300 [=====>........................] - ETA: 1:36 - loss: 0.1285 - acc: 0.6441
 70/300 [======>.......................] - ETA: 1:36 - loss: 0.1285 - acc: 0.6453
 71/300 [======>.......................] - ETA: 1:35 - loss: 0.1285 - acc: 0.6456
 72/300 [======>.......................] - ETA: 1:35 - loss: 0.1284 - acc: 0.6453
 73/300 [======>.......................] - ETA: 1:34 - loss: 0.1284 - acc: 0.6467
 74/300 [======>.......................] - ETA: 1:34 - loss: 0.1284 - acc: 0.6471
 75/300 [======>.......................] - ETA: 1:33 - loss: 0.1285 - acc: 0.6489
 76/300 [======>.......................] - ETA: 1:33 - loss: 0.1285 - acc: 0.6492
 77/300 [======>.......................] - ETA: 1:32 - loss: 0.1284 - acc: 0.6487
 78/300 [======>.......................] - ETA: 1:32 - loss: 0.1283 - acc: 0.6474
 79/300 [======>.......................] - ETA: 1:31 - loss: 0.1283 - acc: 0.6471
 80/300 [=======>......................] - ETA: 1:31 - loss: 0.1283 - acc: 0.6486
 81/300 [=======>......................] - ETA: 1:30 - loss: 0.1283 - acc: 0.6489
 82/300 [=======>......................] - ETA: 1:30 - loss: 0.1282 - acc: 0.6494
 83/300 [=======>......................] - ETA: 1:29 - loss: 0.1282 - acc: 0.6498
 84/300 [=======>......................] - ETA: 1:29 - loss: 0.1281 - acc: 0.6491
 85/300 [=======>......................] - ETA: 1:28 - loss: 0.1281 - acc: 0.6499
 86/300 [=======>......................] - ETA: 1:28 - loss: 0.1281 - acc: 0.6504
 87/300 [=======>......................] - ETA: 1:27 - loss: 0.1280 - acc: 0.6499
 88/300 [=======>......................] - ETA: 1:27 - loss: 0.1280 - acc: 0.6496
 89/300 [=======>......................] - ETA: 1:26 - loss: 0.1280 - acc: 0.6496
 90/300 [========>.....................] - ETA: 1:26 - loss: 0.1279 - acc: 0.6495
 91/300 [========>.....................] - ETA: 1:25 - loss: 0.1278 - acc: 0.6491
 92/300 [========>.....................] - ETA: 1:25 - loss: 0.1277 - acc: 0.6486
 93/300 [========>.....................] - ETA: 1:25 - loss: 0.1277 - acc: 0.6493
 94/300 [========>.....................] - ETA: 1:24 - loss: 0.1277 - acc: 0.6494
 95/300 [========>.....................] - ETA: 1:24 - loss: 0.1277 - acc: 0.6501
 96/300 [========>.....................] - ETA: 1:23 - loss: 0.1276 - acc: 0.6500
 97/300 [========>.....................] - ETA: 1:23 - loss: 0.1277 - acc: 0.6516
 98/300 [========>.....................] - ETA: 1:22 - loss: 0.1276 - acc: 0.6506
 99/300 [========>.....................] - ETA: 1:22 - loss: 0.1275 - acc: 0.6508
100/300 [=========>....................] - ETA: 1:21 - loss: 0.1275 - acc: 0.6507
101/300 [=========>....................] - ETA: 1:21 - loss: 0.1275 - acc: 0.6505
102/300 [=========>....................] - ETA: 1:21 - loss: 0.1274 - acc: 0.6504
103/300 [=========>....................] - ETA: 1:20 - loss: 0.1274 - acc: 0.6500
104/300 [=========>....................] - ETA: 1:20 - loss: 0.1273 - acc: 0.6499
105/300 [=========>....................] - ETA: 1:19 - loss: 0.1273 - acc: 0.6497
106/300 [=========>....................] - ETA: 1:19 - loss: 0.1273 - acc: 0.6500
107/300 [=========>....................] - ETA: 1:18 - loss: 0.1271 - acc: 0.6488
108/300 [=========>....................] - ETA: 1:18 - loss: 0.1271 - acc: 0.6475
109/300 [=========>....................] - ETA: 1:17 - loss: 0.1271 - acc: 0.6475
110/300 [==========>...................] - ETA: 1:17 - loss: 0.1270 - acc: 0.6474
111/300 [==========>...................] - ETA: 1:17 - loss: 0.1270 - acc: 0.6478
112/300 [==========>...................] - ETA: 1:16 - loss: 0.1269 - acc: 0.6474
113/300 [==========>...................] - ETA: 1:16 - loss: 0.1269 - acc: 0.6474
114/300 [==========>...................] - ETA: 1:15 - loss: 0.1269 - acc: 0.6485
115/300 [==========>...................] - ETA: 1:15 - loss: 0.1269 - acc: 0.6490
116/300 [==========>...................] - ETA: 1:14 - loss: 0.1269 - acc: 0.6497
117/300 [==========>...................] - ETA: 1:14 - loss: 0.1269 - acc: 0.6506
118/300 [==========>...................] - ETA: 1:14 - loss: 0.1269 - acc: 0.6510
119/300 [==========>...................] - ETA: 1:13 - loss: 0.1269 - acc: 0.6512
120/300 [===========>..................] - ETA: 1:13 - loss: 0.1268 - acc: 0.6511
121/300 [===========>..................] - ETA: 1:12 - loss: 0.1267 - acc: 0.6501
122/300 [===========>..................] - ETA: 1:12 - loss: 0.1268 - acc: 0.6510
123/300 [===========>..................] - ETA: 1:11 - loss: 0.1267 - acc: 0.6510
124/300 [===========>..................] - ETA: 1:11 - loss: 0.1267 - acc: 0.6514
125/300 [===========>..................] - ETA: 1:10 - loss: 0.1267 - acc: 0.6511
126/300 [===========>..................] - ETA: 1:10 - loss: 0.1266 - acc: 0.6509
127/300 [===========>..................] - ETA: 1:10 - loss: 0.1266 - acc: 0.6515
128/300 [===========>..................] - ETA: 1:09 - loss: 0.1266 - acc: 0.6512
129/300 [===========>..................] - ETA: 1:09 - loss: 0.1266 - acc: 0.6507
130/300 [============>.................] - ETA: 1:08 - loss: 0.1266 - acc: 0.6513
131/300 [============>.................] - ETA: 1:08 - loss: 0.1265 - acc: 0.6515
132/300 [============>.................] - ETA: 1:07 - loss: 0.1265 - acc: 0.6514
133/300 [============>.................] - ETA: 1:07 - loss: 0.1265 - acc: 0.6513
134/300 [============>.................] - ETA: 1:07 - loss: 0.1264 - acc: 0.6510
135/300 [============>.................] - ETA: 1:06 - loss: 0.1264 - acc: 0.6505
136/300 [============>.................] - ETA: 1:06 - loss: 0.1264 - acc: 0.6504
137/300 [============>.................] - ETA: 1:05 - loss: 0.1263 - acc: 0.6506
138/300 [============>.................] - ETA: 1:05 - loss: 0.1263 - acc: 0.6503
139/300 [============>.................] - ETA: 1:05 - loss: 0.1263 - acc: 0.6503
140/300 [=============>................] - ETA: 1:04 - loss: 0.1263 - acc: 0.6509
141/300 [=============>................] - ETA: 1:04 - loss: 0.1262 - acc: 0.6511
142/300 [=============>................] - ETA: 1:03 - loss: 0.1262 - acc: 0.6514
143/300 [=============>................] - ETA: 1:03 - loss: 0.1262 - acc: 0.6519
144/300 [=============>................] - ETA: 1:02 - loss: 0.1262 - acc: 0.6519
145/300 [=============>................] - ETA: 1:02 - loss: 0.1262 - acc: 0.6517
146/300 [=============>................] - ETA: 1:02 - loss: 0.1262 - acc: 0.6520
147/300 [=============>................] - ETA: 1:01 - loss: 0.1261 - acc: 0.6519
148/300 [=============>................] - ETA: 1:01 - loss: 0.1261 - acc: 0.6516
149/300 [=============>................] - ETA: 1:00 - loss: 0.1260 - acc: 0.6514
150/300 [==============>...............] - ETA: 1:00 - loss: 0.1260 - acc: 0.6514
151/300 [==============>...............] - ETA: 59s - loss: 0.1260 - acc: 0.6514 
152/300 [==============>...............] - ETA: 59s - loss: 0.1260 - acc: 0.6516
153/300 [==============>...............] - ETA: 59s - loss: 0.1260 - acc: 0.6518
154/300 [==============>...............] - ETA: 58s - loss: 0.1259 - acc: 0.6517
155/300 [==============>...............] - ETA: 58s - loss: 0.1259 - acc: 0.6517
156/300 [==============>...............] - ETA: 57s - loss: 0.1259 - acc: 0.6521
157/300 [==============>...............] - ETA: 57s - loss: 0.1259 - acc: 0.6517
158/300 [==============>...............] - ETA: 57s - loss: 0.1259 - acc: 0.6513
159/300 [==============>...............] - ETA: 56s - loss: 0.1258 - acc: 0.6515
160/300 [===============>..............] - ETA: 56s - loss: 0.1258 - acc: 0.6519
161/300 [===============>..............] - ETA: 55s - loss: 0.1258 - acc: 0.6514
162/300 [===============>..............] - ETA: 55s - loss: 0.1258 - acc: 0.6513
163/300 [===============>..............] - ETA: 55s - loss: 0.1257 - acc: 0.6510
164/300 [===============>..............] - ETA: 54s - loss: 0.1257 - acc: 0.6509
165/300 [===============>..............] - ETA: 54s - loss: 0.1257 - acc: 0.6509
166/300 [===============>..............] - ETA: 53s - loss: 0.1256 - acc: 0.6506
167/300 [===============>..............] - ETA: 53s - loss: 0.1256 - acc: 0.6507
168/300 [===============>..............] - ETA: 52s - loss: 0.1256 - acc: 0.6507
169/300 [===============>..............] - ETA: 52s - loss: 0.1256 - acc: 0.6504
170/300 [================>.............] - ETA: 52s - loss: 0.1255 - acc: 0.6503
171/300 [================>.............] - ETA: 51s - loss: 0.1255 - acc: 0.6507
172/300 [================>.............] - ETA: 51s - loss: 0.1256 - acc: 0.6513
173/300 [================>.............] - ETA: 50s - loss: 0.1255 - acc: 0.6514
174/300 [================>.............] - ETA: 50s - loss: 0.1256 - acc: 0.6517
175/300 [================>.............] - ETA: 50s - loss: 0.1255 - acc: 0.6511
176/300 [================>.............] - ETA: 49s - loss: 0.1255 - acc: 0.6513
177/300 [================>.............] - ETA: 49s - loss: 0.1255 - acc: 0.6511
178/300 [================>.............] - ETA: 48s - loss: 0.1255 - acc: 0.6515
179/300 [================>.............] - ETA: 48s - loss: 0.1254 - acc: 0.6511
180/300 [=================>............] - ETA: 48s - loss: 0.1254 - acc: 0.6507
181/300 [=================>............] - ETA: 47s - loss: 0.1254 - acc: 0.6508
182/300 [=================>............] - ETA: 47s - loss: 0.1253 - acc: 0.6504
183/300 [=================>............] - ETA: 46s - loss: 0.1253 - acc: 0.6505
184/300 [=================>............] - ETA: 46s - loss: 0.1253 - acc: 0.6504
185/300 [=================>............] - ETA: 46s - loss: 0.1253 - acc: 0.6501
186/300 [=================>............] - ETA: 45s - loss: 0.1253 - acc: 0.6506
187/300 [=================>............] - ETA: 45s - loss: 0.1253 - acc: 0.6513
188/300 [=================>............] - ETA: 44s - loss: 0.1253 - acc: 0.6515
189/300 [=================>............] - ETA: 44s - loss: 0.1253 - acc: 0.6515
190/300 [==================>...........] - ETA: 43s - loss: 0.1253 - acc: 0.6519
191/300 [==================>...........] - ETA: 43s - loss: 0.1252 - acc: 0.6515
192/300 [==================>...........] - ETA: 43s - loss: 0.1252 - acc: 0.6515
193/300 [==================>...........] - ETA: 42s - loss: 0.1252 - acc: 0.6519
194/300 [==================>...........] - ETA: 42s - loss: 0.1252 - acc: 0.6519
195/300 [==================>...........] - ETA: 41s - loss: 0.1252 - acc: 0.6522
196/300 [==================>...........] - ETA: 41s - loss: 0.1252 - acc: 0.6523
197/300 [==================>...........] - ETA: 41s - loss: 0.1252 - acc: 0.6523
198/300 [==================>...........] - ETA: 40s - loss: 0.1252 - acc: 0.6526
199/300 [==================>...........] - ETA: 40s - loss: 0.1252 - acc: 0.6532
200/300 [===================>..........] - ETA: 39s - loss: 0.1252 - acc: 0.6531
201/300 [===================>..........] - ETA: 39s - loss: 0.1252 - acc: 0.6530
202/300 [===================>..........] - ETA: 39s - loss: 0.1252 - acc: 0.6534
203/300 [===================>..........] - ETA: 38s - loss: 0.1252 - acc: 0.6535
204/300 [===================>..........] - ETA: 38s - loss: 0.1252 - acc: 0.6540
205/300 [===================>..........] - ETA: 37s - loss: 0.1252 - acc: 0.6538
206/300 [===================>..........] - ETA: 37s - loss: 0.1252 - acc: 0.6540
207/300 [===================>..........] - ETA: 37s - loss: 0.1252 - acc: 0.6541
208/300 [===================>..........] - ETA: 36s - loss: 0.1252 - acc: 0.6547
209/300 [===================>..........] - ETA: 36s - loss: 0.1252 - acc: 0.6552
210/300 [====================>.........] - ETA: 35s - loss: 0.1252 - acc: 0.6558
211/300 [====================>.........] - ETA: 35s - loss: 0.1252 - acc: 0.6555
212/300 [====================>.........] - ETA: 35s - loss: 0.1252 - acc: 0.6554
213/300 [====================>.........] - ETA: 34s - loss: 0.1252 - acc: 0.6559
214/300 [====================>.........] - ETA: 34s - loss: 0.1251 - acc: 0.6556
215/300 [====================>.........] - ETA: 33s - loss: 0.1251 - acc: 0.6553
216/300 [====================>.........] - ETA: 33s - loss: 0.1252 - acc: 0.6560
217/300 [====================>.........] - ETA: 33s - loss: 0.1252 - acc: 0.6561
218/300 [====================>.........] - ETA: 32s - loss: 0.1252 - acc: 0.6563
219/300 [====================>.........] - ETA: 32s - loss: 0.1252 - acc: 0.6567
220/300 [=====================>........] - ETA: 31s - loss: 0.1252 - acc: 0.6564
221/300 [=====================>........] - ETA: 31s - loss: 0.1251 - acc: 0.6565
222/300 [=====================>........] - ETA: 31s - loss: 0.1251 - acc: 0.6566
223/300 [=====================>........] - ETA: 30s - loss: 0.1251 - acc: 0.6559
224/300 [=====================>........] - ETA: 30s - loss: 0.1251 - acc: 0.6559
225/300 [=====================>........] - ETA: 29s - loss: 0.1251 - acc: 0.6561
226/300 [=====================>........] - ETA: 29s - loss: 0.1251 - acc: 0.6564
227/300 [=====================>........] - ETA: 29s - loss: 0.1250 - acc: 0.6561
228/300 [=====================>........] - ETA: 28s - loss: 0.1250 - acc: 0.6559
229/300 [=====================>........] - ETA: 28s - loss: 0.1250 - acc: 0.6558
230/300 [======================>.......] - ETA: 27s - loss: 0.1250 - acc: 0.6559
231/300 [======================>.......] - ETA: 27s - loss: 0.1250 - acc: 0.6558
232/300 [======================>.......] - ETA: 27s - loss: 0.1250 - acc: 0.6558
233/300 [======================>.......] - ETA: 26s - loss: 0.1250 - acc: 0.6558
234/300 [======================>.......] - ETA: 26s - loss: 0.1250 - acc: 0.6561
235/300 [======================>.......] - ETA: 25s - loss: 0.1250 - acc: 0.6562
236/300 [======================>.......] - ETA: 25s - loss: 0.1250 - acc: 0.6565
237/300 [======================>.......] - ETA: 25s - loss: 0.1250 - acc: 0.6569
238/300 [======================>.......] - ETA: 24s - loss: 0.1250 - acc: 0.6569
239/300 [======================>.......] - ETA: 24s - loss: 0.1250 - acc: 0.6569
240/300 [=======================>......] - ETA: 23s - loss: 0.1250 - acc: 0.6571
241/300 [=======================>......] - ETA: 23s - loss: 0.1250 - acc: 0.6573
242/300 [=======================>......] - ETA: 23s - loss: 0.1250 - acc: 0.6571
243/300 [=======================>......] - ETA: 22s - loss: 0.1250 - acc: 0.6569
244/300 [=======================>......] - ETA: 22s - loss: 0.1249 - acc: 0.6566
245/300 [=======================>......] - ETA: 21s - loss: 0.1249 - acc: 0.6562
246/300 [=======================>......] - ETA: 21s - loss: 0.1249 - acc: 0.6559
247/300 [=======================>......] - ETA: 21s - loss: 0.1249 - acc: 0.6559
248/300 [=======================>......] - ETA: 20s - loss: 0.1249 - acc: 0.6561
249/300 [=======================>......] - ETA: 20s - loss: 0.1249 - acc: 0.6561
250/300 [========================>.....] - ETA: 19s - loss: 0.1249 - acc: 0.6564
251/300 [========================>.....] - ETA: 19s - loss: 0.1249 - acc: 0.6565
252/300 [========================>.....] - ETA: 19s - loss: 0.1249 - acc: 0.6564
253/300 [========================>.....] - ETA: 18s - loss: 0.1249 - acc: 0.6565
254/300 [========================>.....] - ETA: 18s - loss: 0.1248 - acc: 0.6560
255/300 [========================>.....] - ETA: 17s - loss: 0.1248 - acc: 0.6562
256/300 [========================>.....] - ETA: 17s - loss: 0.1248 - acc: 0.6561
257/300 [========================>.....] - ETA: 17s - loss: 0.1248 - acc: 0.6559
258/300 [========================>.....] - ETA: 16s - loss: 0.1247 - acc: 0.6557
259/300 [========================>.....] - ETA: 16s - loss: 0.1247 - acc: 0.6555
260/300 [=========================>....] - ETA: 15s - loss: 0.1247 - acc: 0.6553
261/300 [=========================>....] - ETA: 15s - loss: 0.1247 - acc: 0.6554
262/300 [=========================>....] - ETA: 15s - loss: 0.1247 - acc: 0.6552
263/300 [=========================>....] - ETA: 14s - loss: 0.1246 - acc: 0.6546
264/300 [=========================>....] - ETA: 14s - loss: 0.1246 - acc: 0.6552
265/300 [=========================>....] - ETA: 13s - loss: 0.1246 - acc: 0.6553
266/300 [=========================>....] - ETA: 13s - loss: 0.1246 - acc: 0.6554
267/300 [=========================>....] - ETA: 13s - loss: 0.1246 - acc: 0.6555
268/300 [=========================>....] - ETA: 12s - loss: 0.1246 - acc: 0.6554
269/300 [=========================>....] - ETA: 12s - loss: 0.1246 - acc: 0.6553
270/300 [==========================>...] - ETA: 11s - loss: 0.1246 - acc: 0.6551
271/300 [==========================>...] - ETA: 11s - loss: 0.1246 - acc: 0.6549
272/300 [==========================>...] - ETA: 11s - loss: 0.1246 - acc: 0.6547
273/300 [==========================>...] - ETA: 10s - loss: 0.1245 - acc: 0.6545
274/300 [==========================>...] - ETA: 10s - loss: 0.1245 - acc: 0.6543
275/300 [==========================>...] - ETA: 9s - loss: 0.1245 - acc: 0.6546 
276/300 [==========================>...] - ETA: 9s - loss: 0.1245 - acc: 0.6547
277/300 [==========================>...] - ETA: 9s - loss: 0.1245 - acc: 0.6546
278/300 [==========================>...] - ETA: 8s - loss: 0.1245 - acc: 0.6549
279/300 [==========================>...] - ETA: 8s - loss: 0.1246 - acc: 0.6554
280/300 [===========================>..] - ETA: 7s - loss: 0.1245 - acc: 0.6553
281/300 [===========================>..] - ETA: 7s - loss: 0.1245 - acc: 0.6554
282/300 [===========================>..] - ETA: 7s - loss: 0.1245 - acc: 0.6552
283/300 [===========================>..] - ETA: 6s - loss: 0.1245 - acc: 0.6554
284/300 [===========================>..] - ETA: 6s - loss: 0.1245 - acc: 0.6554
285/300 [===========================>..] - ETA: 5s - loss: 0.1245 - acc: 0.6559
286/300 [===========================>..] - ETA: 5s - loss: 0.1245 - acc: 0.6560
287/300 [===========================>..] - ETA: 5s - loss: 0.1245 - acc: 0.6560
288/300 [===========================>..] - ETA: 4s - loss: 0.1245 - acc: 0.6559
289/300 [===========================>..] - ETA: 4s - loss: 0.1245 - acc: 0.6558
290/300 [============================>.] - ETA: 3s - loss: 0.1245 - acc: 0.6558
291/300 [============================>.] - ETA: 3s - loss: 0.1245 - acc: 0.6558
292/300 [============================>.] - ETA: 3s - loss: 0.1245 - acc: 0.6557
293/300 [============================>.] - ETA: 2s - loss: 0.1245 - acc: 0.6558
294/300 [============================>.] - ETA: 2s - loss: 0.1245 - acc: 0.6558
295/300 [============================>.] - ETA: 1s - loss: 0.1245 - acc: 0.6559
296/300 [============================>.] - ETA: 1s - loss: 0.1245 - acc: 0.6560
297/300 [============================>.] - ETA: 1s - loss: 0.1245 - acc: 0.6562
298/300 [============================>.] - ETA: 0s - loss: 0.1245 - acc: 0.6564
299/300 [============================>.] - ETA: 0s - loss: 0.1245 - acc: 0.6564
300/300 [==============================] - 119s 396ms/step - loss: 0.1245 - acc: 0.6563

Epoch 00001: loss improved from inf to 0.12447, saving model to boundary_sweep_20260905_220223/models/model_01_bw0.0.hdf5
Epoch 2/50

  1/300 [..............................] - ETA: 1:56 - loss: 0.1286 - acc: 0.7195
  2/300 [..............................] - ETA: 1:54 - loss: 0.1265 - acc: 0.6982
  3/300 [..............................] - ETA: 1:54 - loss: 0.1266 - acc: 0.7004
  4/300 [..............................] - ETA: 1:54 - loss: 0.1247 - acc: 0.6797
  5/300 [..............................] - ETA: 1:54 - loss: 0.1233 - acc: 0.6506
  6/300 [..............................] - ETA: 1:53 - loss: 0.1235 - acc: 0.6560
  7/300 [..............................] - ETA: 1:53 - loss: 0.1228 - acc: 0.6468
  8/300 [..............................] - ETA: 1:52 - loss: 0.1227 - acc: 0.6501
  9/300 [..............................] - ETA: 1:52 - loss: 0.1223 - acc: 0.6420
 10/300 [>.............................] - ETA: 1:51 - loss: 0.1219 - acc: 0.6389
 11/300 [>.............................] - ETA: 1:51 - loss: 0.1217 - acc: 0.6353
 12/300 [>.............................] - ETA: 1:51 - loss: 0.1223 - acc: 0.6411
 13/300 [>.............................] - ETA: 1:50 - loss: 0.1229 - acc: 0.6523
 14/300 [>.............................] - ETA: 1:50 - loss: 0.1223 - acc: 0.6445
 15/300 [>.............................] - ETA: 1:50 - loss: 0.1224 - acc: 0.6472
 16/300 [>.............................] - ETA: 1:49 - loss: 0.1223 - acc: 0.6487
 17/300 [>.............................] - ETA: 1:49 - loss: 0.1225 - acc: 0.6524
 18/300 [>.............................] - ETA: 1:49 - loss: 0.1225 - acc: 0.6547
 19/300 [>.............................] - ETA: 1:48 - loss: 0.1223 - acc: 0.6507
 20/300 [=>............................] - ETA: 1:48 - loss: 0.1220 - acc: 0.6461
 21/300 [=>............................] - ETA: 1:48 - loss: 0.1221 - acc: 0.6466
 22/300 [=>............................] - ETA: 1:47 - loss: 0.1221 - acc: 0.6474
 23/300 [=>............................] - ETA: 1:47 - loss: 0.1223 - acc: 0.6459
 24/300 [=>............................] - ETA: 1:47 - loss: 0.1225 - acc: 0.6497
 25/300 [=>............................] - ETA: 1:46 - loss: 0.1223 - acc: 0.6470
 26/300 [=>............................] - ETA: 1:46 - loss: 0.1223 - acc: 0.6465
 27/300 [=>............................] - ETA: 1:45 - loss: 0.1225 - acc: 0.6501
 28/300 [=>............................] - ETA: 1:45 - loss: 0.1225 - acc: 0.6516
 29/300 [=>............................] - ETA: 1:45 - loss: 0.1225 - acc: 0.6523
 30/300 [==>...........................] - ETA: 1:44 - loss: 0.1224 - acc: 0.6524
 31/300 [==>...........................] - ETA: 1:44 - loss: 0.1225 - acc: 0.6536
 32/300 [==>...........................] - ETA: 1:43 - loss: 0.1225 - acc: 0.6546
 33/300 [==>...........................] - ETA: 1:43 - loss: 0.1226 - acc: 0.6578
 34/300 [==>...........................] - ETA: 1:42 - loss: 0.1224 - acc: 0.6555
 35/300 [==>...........................] - ETA: 1:42 - loss: 0.1224 - acc: 0.6549
 36/300 [==>...........................] - ETA: 1:42 - loss: 0.1222 - acc: 0.6512
 37/300 [==>...........................] - ETA: 1:41 - loss: 0.1222 - acc: 0.6510
 38/300 [==>...........................] - ETA: 1:41 - loss: 0.1221 - acc: 0.6499
 39/300 [==>...........................] - ETA: 1:40 - loss: 0.1221 - acc: 0.6509
 40/300 [===>..........................] - ETA: 1:40 - loss: 0.1222 - acc: 0.6523
 41/300 [===>..........................] - ETA: 1:40 - loss: 0.1223 - acc: 0.6539
 42/300 [===>..........................] - ETA: 1:39 - loss: 0.1223 - acc: 0.6533
 43/300 [===>..........................] - ETA: 1:39 - loss: 0.1224 - acc: 0.6550
 44/300 [===>..........................] - ETA: 1:39 - loss: 0.1223 - acc: 0.6524
 45/300 [===>..........................] - ETA: 1:38 - loss: 0.1224 - acc: 0.6529
 46/300 [===>..........................] - ETA: 1:38 - loss: 0.1225 - acc: 0.6541
 47/300 [===>..........................] - ETA: 1:37 - loss: 0.1223 - acc: 0.6519
 48/300 [===>..........................] - ETA: 1:37 - loss: 0.1222 - acc: 0.6511
 49/300 [===>..........................] - ETA: 1:37 - loss: 0.1222 - acc: 0.6507
 50/300 [====>.........................] - ETA: 1:36 - loss: 0.1222 - acc: 0.6510
 51/300 [====>.........................] - ETA: 1:36 - loss: 0.1223 - acc: 0.6531
 52/300 [====>.........................] - ETA: 1:36 - loss: 0.1223 - acc: 0.6524
 53/300 [====>.........................] - ETA: 1:35 - loss: 0.1223 - acc: 0.6525
 54/300 [====>.........................] - ETA: 1:35 - loss: 0.1222 - acc: 0.6509
 55/300 [====>.........................] - ETA: 1:34 - loss: 0.1221 - acc: 0.6500
 56/300 [====>.........................] - ETA: 1:34 - loss: 0.1221 - acc: 0.6507
 57/300 [====>.........................] - ETA: 1:34 - loss: 0.1222 - acc: 0.6513
 58/300 [====>.........................] - ETA: 1:33 - loss: 0.1222 - acc: 0.6527
 59/300 [====>.........................] - ETA: 1:33 - loss: 0.1222 - acc: 0.6522
 60/300 [=====>........................] - ETA: 1:32 - loss: 0.1222 - acc: 0.6529
 61/300 [=====>........................] - ETA: 1:32 - loss: 0.1222 - acc: 0.6520
 62/300 [=====>........................] - ETA: 1:32 - loss: 0.1222 - acc: 0.6513
 63/300 [=====>........................] - ETA: 1:31 - loss: 0.1222 - acc: 0.6511
 64/300 [=====>........................] - ETA: 1:31 - loss: 0.1221 - acc: 0.6490
 65/300 [=====>........................] - ETA: 1:31 - loss: 0.1221 - acc: 0.6487
 66/300 [=====>........................] - ETA: 1:30 - loss: 0.1221 - acc: 0.6486
 67/300 [=====>........................] - ETA: 1:30 - loss: 0.1221 - acc: 0.6486
 68/300 [=====>........................] - ETA: 1:29 - loss: 0.1221 - acc: 0.6485
 69/300 [=====>........................] - ETA: 1:29 - loss: 0.1221 - acc: 0.6476
 70/300 [======>.......................] - ETA: 1:29 - loss: 0.1222 - acc: 0.6480
 71/300 [======>.......................] - ETA: 1:28 - loss: 0.1222 - acc: 0.6490
 72/300 [======>.......................] - ETA: 1:28 - loss: 0.1222 - acc: 0.6484
 73/300 [======>.......................] - ETA: 1:27 - loss: 0.1222 - acc: 0.6480
 74/300 [======>.......................] - ETA: 1:27 - loss: 0.1222 - acc: 0.6487
 75/300 [======>.......................] - ETA: 1:27 - loss: 0.1223 - acc: 0.6495
 76/300 [======>.......................] - ETA: 1:26 - loss: 0.1222 - acc: 0.6495
 77/300 [======>.......................] - ETA: 1:26 - loss: 0.1223 - acc: 0.6507
 78/300 [======>.......................] - ETA: 1:26 - loss: 0.1222 - acc: 0.6497
 79/300 [======>.......................] - ETA: 1:25 - loss: 0.1223 - acc: 0.6515
 80/300 [=======>......................] - ETA: 1:25 - loss: 0.1223 - acc: 0.6518
 81/300 [=======>......................] - ETA: 1:24 - loss: 0.1222 - acc: 0.6511
 82/300 [=======>......................] - ETA: 1:24 - loss: 0.1223 - acc: 0.6520
 83/300 [=======>......................] - ETA: 1:24 - loss: 0.1224 - acc: 0.6532
 84/300 [=======>......................] - ETA: 1:23 - loss: 0.1224 - acc: 0.6532
 85/300 [=======>......................] - ETA: 1:23 - loss: 0.1224 - acc: 0.6529
 86/300 [=======>......................] - ETA: 1:22 - loss: 0.1224 - acc: 0.6529
 87/300 [=======>......................] - ETA: 1:22 - loss: 0.1224 - acc: 0.6539
 88/300 [=======>......................] - ETA: 1:22 - loss: 0.1225 - acc: 0.6550
 89/300 [=======>......................] - ETA: 1:21 - loss: 0.1225 - acc: 0.6554
 90/300 [========>.....................] - ETA: 1:21 - loss: 0.1225 - acc: 0.6552
 91/300 [========>.....................] - ETA: 1:20 - loss: 0.1225 - acc: 0.6558
 92/300 [========>.....................] - ETA: 1:20 - loss: 0.1225 - acc: 0.6561
 93/300 [========>.....................] - ETA: 1:20 - loss: 0.1224 - acc: 0.6548
 94/300 [========>.....................] - ETA: 1:19 - loss: 0.1224 - acc: 0.6549
 95/300 [========>.....................] - ETA: 1:19 - loss: 0.1223 - acc: 0.6536
 96/300 [========>.....................] - ETA: 1:18 - loss: 0.1224 - acc: 0.6547
 97/300 [========>.....................] - ETA: 1:18 - loss: 0.1224 - acc: 0.6557
 98/300 [========>.....................] - ETA: 1:18 - loss: 0.1225 - acc: 0.6566
 99/300 [========>.....................] - ETA: 1:17 - loss: 0.1225 - acc: 0.6570
100/300 [=========>....................] - ETA: 1:17 - loss: 0.1225 - acc: 0.6573
101/300 [=========>....................] - ETA: 1:17 - loss: 0.1225 - acc: 0.6578
102/300 [=========>....................] - ETA: 1:16 - loss: 0.1225 - acc: 0.6580
103/300 [=========>....................] - ETA: 1:16 - loss: 0.1225 - acc: 0.6576
104/300 [=========>....................] - ETA: 1:15 - loss: 0.1224 - acc: 0.6569
105/300 [=========>....................] - ETA: 1:15 - loss: 0.1224 - acc: 0.6564
106/300 [=========>....................] - ETA: 1:15 - loss: 0.1223 - acc: 0.6556
107/300 [=========>....................] - ETA: 1:14 - loss: 0.1224 - acc: 0.6566
108/300 [=========>....................] - ETA: 1:14 - loss: 0.1225 - acc: 0.6578
109/300 [=========>....................] - ETA: 1:13 - loss: 0.1225 - acc: 0.6580
110/300 [==========>...................] - ETA: 1:13 - loss: 0.1225 - acc: 0.6588
111/300 [==========>...................] - ETA: 1:13 - loss: 0.1225 - acc: 0.6583
112/300 [==========>...................] - ETA: 1:12 - loss: 0.1224 - acc: 0.6574
113/300 [==========>...................] - ETA: 1:12 - loss: 0.1225 - acc: 0.6576
114/300 [==========>...................] - ETA: 1:12 - loss: 0.1224 - acc: 0.6575
115/300 [==========>...................] - ETA: 1:11 - loss: 0.1224 - acc: 0.6564
116/300 [==========>...................] - ETA: 1:11 - loss: 0.1224 - acc: 0.6562
117/300 [==========>...................] - ETA: 1:10 - loss: 0.1224 - acc: 0.6567
118/300 [==========>...................] - ETA: 1:10 - loss: 0.1224 - acc: 0.6566
119/300 [==========>...................] - ETA: 1:10 - loss: 0.1224 - acc: 0.6565
120/300 [===========>..................] - ETA: 1:09 - loss: 0.1224 - acc: 0.6564
121/300 [===========>..................] - ETA: 1:09 - loss: 0.1224 - acc: 0.6564
122/300 [===========>..................] - ETA: 1:08 - loss: 0.1224 - acc: 0.6562
123/300 [===========>..................] - ETA: 1:08 - loss: 0.1224 - acc: 0.6571
124/300 [===========>..................] - ETA: 1:08 - loss: 0.1224 - acc: 0.6579
125/300 [===========>..................] - ETA: 1:07 - loss: 0.1225 - acc: 0.6582
126/300 [===========>..................] - ETA: 1:07 - loss: 0.1224 - acc: 0.6577
127/300 [===========>..................] - ETA: 1:06 - loss: 0.1224 - acc: 0.6578
128/300 [===========>..................] - ETA: 1:06 - loss: 0.1224 - acc: 0.6572
129/300 [===========>..................] - ETA: 1:06 - loss: 0.1223 - acc: 0.6566
130/300 [============>.................] - ETA: 1:05 - loss: 0.1223 - acc: 0.6566
131/300 [============>.................] - ETA: 1:05 - loss: 0.1223 - acc: 0.6571
132/300 [============>.................] - ETA: 1:05 - loss: 0.1223 - acc: 0.6570
133/300 [============>.................] - ETA: 1:04 - loss: 0.1224 - acc: 0.6575
134/300 [============>.................] - ETA: 1:04 - loss: 0.1224 - acc: 0.6574
135/300 [============>.................] - ETA: 1:03 - loss: 0.1224 - acc: 0.6580
136/300 [============>.................] - ETA: 1:03 - loss: 0.1224 - acc: 0.6582
137/300 [============>.................] - ETA: 1:03 - loss: 0.1224 - acc: 0.6582
138/300 [============>.................] - ETA: 1:02 - loss: 0.1224 - acc: 0.6579
139/300 [============>.................] - ETA: 1:02 - loss: 0.1224 - acc: 0.6577
140/300 [=============>................] - ETA: 1:01 - loss: 0.1224 - acc: 0.6575
141/300 [=============>................] - ETA: 1:01 - loss: 0.1224 - acc: 0.6576
142/300 [=============>................] - ETA: 1:01 - loss: 0.1224 - acc: 0.6582
143/300 [=============>................] - ETA: 1:00 - loss: 0.1224 - acc: 0.6584
144/300 [=============>................] - ETA: 1:00 - loss: 0.1224 - acc: 0.6588
145/300 [=============>................] - ETA: 1:00 - loss: 0.1225 - acc: 0.6591
146/300 [=============>................] - ETA: 59s - loss: 0.1225 - acc: 0.6596 
147/300 [=============>................] - ETA: 59s - loss: 0.1225 - acc: 0.6598
148/300 [=============>................] - ETA: 58s - loss: 0.1225 - acc: 0.6605
149/300 [=============>................] - ETA: 58s - loss: 0.1226 - acc: 0.6607
150/300 [==============>...............] - ETA: 58s - loss: 0.1226 - acc: 0.6604
151/300 [==============>...............] - ETA: 57s - loss: 0.1226 - acc: 0.6606
152/300 [==============>...............] - ETA: 57s - loss: 0.1226 - acc: 0.6607
153/300 [==============>...............] - ETA: 56s - loss: 0.1226 - acc: 0.6613
154/300 [==============>...............] - ETA: 56s - loss: 0.1226 - acc: 0.6613
155/300 [==============>...............] - ETA: 56s - loss: 0.1226 - acc: 0.6607
156/300 [==============>...............] - ETA: 55s - loss: 0.1226 - acc: 0.6608
157/300 [==============>...............] - ETA: 55s - loss: 0.1226 - acc: 0.6608
158/300 [==============>...............] - ETA: 54s - loss: 0.1227 - acc: 0.6612
159/300 [==============>...............] - ETA: 54s - loss: 0.1227 - acc: 0.6613
160/300 [===============>..............] - ETA: 54s - loss: 0.1227 - acc: 0.6613
161/300 [===============>..............] - ETA: 53s - loss: 0.1227 - acc: 0.6614
162/300 [===============>..............] - ETA: 53s - loss: 0.1227 - acc: 0.6610
163/300 [===============>..............] - ETA: 53s - loss: 0.1227 - acc: 0.6609
164/300 [===============>..............] - ETA: 52s - loss: 0.1227 - acc: 0.6610
165/300 [===============>..............] - ETA: 52s - loss: 0.1227 - acc: 0.6605
166/300 [===============>..............] - ETA: 51s - loss: 0.1227 - acc: 0.6606
167/300 [===============>..............] - ETA: 51s - loss: 0.1227 - acc: 0.6606
168/300 [===============>..............] - ETA: 51s - loss: 0.1227 - acc: 0.6610
169/300 [===============>..............] - ETA: 50s - loss: 0.1227 - acc: 0.6612
170/300 [================>.............] - ETA: 50s - loss: 0.1227 - acc: 0.6616
171/300 [================>.............] - ETA: 49s - loss: 0.1227 - acc: 0.6618
172/300 [================>.............] - ETA: 49s - loss: 0.1227 - acc: 0.6615
173/300 [================>.............] - ETA: 49s - loss: 0.1227 - acc: 0.6615
174/300 [================>.............] - ETA: 48s - loss: 0.1227 - acc: 0.6613
175/300 [================>.............] - ETA: 48s - loss: 0.1227 - acc: 0.6618
176/300 [================>.............] - ETA: 47s - loss: 0.1227 - acc: 0.6615
177/300 [================>.............] - ETA: 47s - loss: 0.1227 - acc: 0.6613
178/300 [================>.............] - ETA: 47s - loss: 0.1227 - acc: 0.6613
179/300 [================>.............] - ETA: 46s - loss: 0.1227 - acc: 0.6620
180/300 [=================>............] - ETA: 46s - loss: 0.1228 - acc: 0.6626
181/300 [=================>............] - ETA: 46s - loss: 0.1228 - acc: 0.6633/home/alingo/.conda/envs/mlography/lib/python3.7/site-packages/keras_preprocessing/image/image_data_generator.py:337: UserWarning: This ImageDataGenerator specifies `zca_whitening`, which overrides setting of `featurewise_center`.
  warnings.warn('This ImageDataGenerator specifies '
/home/alingo/.conda/envs/mlography/lib/python3.7/site-packages/keras_preprocessing/image/image_data_generator.py:720: UserWarning: This ImageDataGenerator specifies `featurewise_center`, but it hasn't been fit on any training data. Fit it first by calling `.fit(numpy_data)`.
  warnings.warn('This ImageDataGenerator specifies '
/home/alingo/.conda/envs/mlography/lib/python3.7/site-packages/keras_preprocessing/image/image_data_generator.py:739: UserWarning: This ImageDataGenerator specifies `zca_whitening`, but it hasn't been fit on any training data. Fit it first by calling `.fit(numpy_data)`.
  warnings.warn('This ImageDataGenerator specifies '
